// Jest Snapshot v1, https://goo.gl/fbAQLP

exports[`StartScene renders correctly 1`] = `
<View
  style={
    Object {
      "backgroundColor": "#f1f1f1",
      "flex": 1,
    }
  }
>
  <View
    style={
      Object {
        "flex": 1,
        "opacity": 0,
      }
    }
  >
    <View
      style={
        Array [
          Object {
            "alignItems": "center",
            "backgroundColor": "#2b1c19",
            "flexBasis": 0,
            "flexGrow": 1,
            "flexShrink": 1,
            "justifyContent": "center",
          },
          Object {
            "backgroundColor": "#f1f1f1",
          },
        ]
      }
    >
      <Text
        accessible={true}
        allowFontScaling={true}
        ellipsizeMode="tail"
        style={
          Array [
            Object {
              "color": "white",
              "fontSize": 48,
              "textAlign": "center",
            },
            Object {
              "color": "#000",
            },
          ]
        }
      >
        FLIPPOUR
      </Text>
      <View
        style={
          Array [
            Object {
              "height": 50,
            },
            undefined,
          ]
        }
      />
      <View
        style={
          Array [
            Object {
              "alignItems": "center",
              "justifyContent": "center",
            },
            undefined,
          ]
        }
      >
        <View
          accessibilityComponentType={undefined}
          accessibilityLabel={undefined}
          accessibilityTraits={undefined}
          accessible={true}
          hitSlop={undefined}
          isTVSelectable={true}
          onLayout={undefined}
          onResponderGrant={[Function]}
          onResponderMove={[Function]}
          onResponderRelease={[Function]}
          onResponderTerminate={[Function]}
          onResponderTerminationRequest={[Function]}
          onStartShouldSetResponder={[Function]}
          style={
            Object {
              "backgroundColor": "#0a3869",
              "borderRadius": 1000,
              "marginBottom": 15,
              "minWidth": 200,
              "opacity": 1,
              "paddingBottom": 10,
              "paddingLeft": 10,
              "paddingRight": 10,
              "paddingTop": 10,
            }
          }
          testID={undefined}
          tvParallaxProperties={undefined}
        >
          <Text
            accessible={true}
            allowFontScaling={true}
            ellipsizeMode="tail"
            style={
              Array [
                Object {
                  "color": "white",
                  "fontSize": 20,
                  "textAlign": "center",
                },
                Object {
                  "color": "#fff",
                },
              ]
            }
          >
            PLAY
          </Text>
        </View>
        <View
          accessibilityComponentType={undefined}
          accessibilityLabel={undefined}
          accessibilityTraits={undefined}
          accessible={true}
          hitSlop={undefined}
          isTVSelectable={true}
          onLayout={undefined}
          onResponderGrant={[Function]}
          onResponderMove={[Function]}
          onResponderRelease={[Function]}
          onResponderTerminate={[Function]}
          onResponderTerminationRequest={[Function]}
          onStartShouldSetResponder={[Function]}
          style={
            Object {
              "backgroundColor": "#0a3869",
              "borderRadius": 1000,
              "marginBottom": 15,
              "minWidth": 200,
              "opacity": 1,
              "paddingBottom": 10,
              "paddingLeft": 10,
              "paddingRight": 10,
              "paddingTop": 10,
            }
          }
          testID={undefined}
          tvParallaxProperties={undefined}
        >
          <Text
            accessible={true}
            allowFontScaling={true}
            ellipsizeMode="tail"
            style={
              Array [
                Object {
                  "color": "white",
                  "fontSize": 20,
                  "textAlign": "center",
                },
                Object {
                  "color": "#fff",
                },
              ]
            }
          >
            YOUR RECENT
          </Text>
        </View>
        <View
          accessibilityComponentType={undefined}
          accessibilityLabel={undefined}
          accessibilityTraits={undefined}
          accessible={true}
          hitSlop={undefined}
          isTVSelectable={true}
          onLayout={undefined}
          onResponderGrant={[Function]}
          onResponderMove={[Function]}
          onResponderRelease={[Function]}
          onResponderTerminate={[Function]}
          onResponderTerminationRequest={[Function]}
          onStartShouldSetResponder={[Function]}
          style={
            Object {
              "backgroundColor": "#0a3869",
              "borderRadius": 1000,
              "marginBottom": 15,
              "minWidth": 200,
              "opacity": 1,
              "paddingBottom": 10,
              "paddingLeft": 10,
              "paddingRight": 10,
              "paddingTop": 10,
            }
          }
          testID={undefined}
          tvParallaxProperties={undefined}
        >
          <Text
            accessible={true}
            allowFontScaling={true}
            ellipsizeMode="tail"
            style={
              Array [
                Object {
                  "color": "white",
                  "fontSize": 20,
                  "textAlign": "center",
                },
                Object {
                  "color": "#fff",
                },
              ]
            }
          >
            HIGH SCORES
          </Text>
        </View>
      </View>
    </View>
  </View>
</View>
`;
